// Jest Snapshot v1, https://goo.gl/fbAQLP

exports[`renders correctly 1`] = `
<div
  className="nav-bar"
>
  <div
    className="back-button-container"
  >
    <img
      alt="back"
      className="back-button blur"
      onClick={[Function]}
      src="/assets/Back.png"
    />
  </div>
  <div
    className="search_field"
  >
    <input
      name="query"
      onChange={[Function]}
      onKeyPress={[Function]}
      placeholder="Search movies!"
      value=""
    />
    <button
      onClick={[Function]}
      type="button"
    >
      <img
        alt="Search"
        className="search-icon"
        src="/assets/search.png"
      />
    </button>
    <div
      className="Toastify"
    />
  </div>
</div>
`;
